[2026-04-19T05:44:47Z] === ENRICH ITERATION 1 START | repo=webpack-contrib/style-loader sha=091d37d6 ===
[2026-04-19T05:44:47Z] [iter=1] PHASE START: enrich repo=webpack-contrib/style-loader sha=091d37d6 runlog=/home/runner/work/forx/forx/storage/aggregate/lsp/logs/091d37d6-enrich-iter-001.log output=/home/runner/work/forx/forx/storage/aggregate/lsp/091d37d68abfb071c4fbdd335385cd6f1af114c6.nq.gz
[2026-04-19T05:45:07Z] [iter=1] Step 1: Loading AST into disk-backed store mem_mb=78 MB
[2026-04-19T05:45:08Z] [iter=1] AST store loaded triples=127016 load_secs=1 mem_mb=276 MB
[2026-04-19T05:45:08Z] [iter=1] Step 2: Finding LSP targets mem_mb=276 MB
[2026-04-19T05:45:08Z] [iter=1] LSP targets found call_sites=1495 imports=94 extends=1 implements=0 secs=0
[2026-04-19T05:45:08Z] [iter=1] Step 2.7: Building position index (one-shot, shared across resolvers) mem_mb=276 MB
[2026-04-19T05:45:08Z] [iter=1] Position index built positions=8774 nodes_with_types=10570 secs=1 mem_mb=276 MB
[2026-04-19T05:45:08Z] [iter=1] Step 3: Starting LSP resolution mem_mb=276 MB already_completed_types=[] already_completed_files=0
[2026-04-19T05:45:08Z] [iter=1] Resolving target type target_type=call_site count=1495
[2026-04-19T05:45:17Z] [iter=1] HEARTBEAT target_type=call_site elapsed_min=0.5 files_done=3 resolved=11 errors=158 current=test/injectType-option.test.js
[2026-04-19T05:45:47Z] [iter=1] HEARTBEAT target_type=call_site elapsed_min=1.0 files_done=47 resolved=307 errors=628 current=test/fixtures/insertFn.js
[2026-04-19T05:45:50Z] [iter=1] Target type resolved target_type=call_site resolved=315 errors=655 secs=41 mem_mb=276 MB
[2026-04-19T05:45:50Z] [iter=1] Resolving target type target_type=import_statement count=94
[2026-04-19T05:45:52Z] [iter=1] Target type resolved target_type=import_statement resolved=81 errors=0 secs=2 mem_mb=276 MB
[2026-04-19T05:45:52Z] [iter=1] Resolving target type target_type=extends_clause count=1
[2026-04-19T05:45:53Z] [iter=1] Target type resolved target_type=extends_clause resolved=1 errors=0 secs=2 mem_mb=276 MB
[2026-04-19T05:45:56Z] [iter=1] Step 5: Writing final enrichment file triples=12692
[2026-04-19T05:45:56Z] [iter=1] Enrichment file written path=/home/runner/work/forx/forx/storage/aggregate/lsp/091d37d68abfb071c4fbdd335385cd6f1af114c6.nq.gz size_kb=229
[2026-04-19T05:45:56Z] [iter=1] PHASE END: enrich elapsed_s=69 elapsed_min=1.1 total_triples=12692
